[xiaothemes.com/creativephoto/index.html]
[backblue.gif]
[fade.gif]
[index.html]
[xiaothemes.com/creativephoto/xmlrpc.php]
[xiaothemes.com/creativephoto/indexd784.html]
[xiaothemes.com/creativephoto/wp-content/themes/xiaothemes_creative/js/history/json2.js]
[xiaothemes.com/creativephoto/wp-content/themes/xiaothemes_creative/wpts/shortcodes/assets/css/shortcodes68b3.css]
[xiaothemes.com/creativephoto/wp-content/themes/xiaothemes_creative/js/vegas/jquery.vegas5152.css]
[xiaothemes.com/creativephoto/wp-content/themes/xiaothemes_creative/js/galleria/themes/classic/galleria.classic5152.css]
[xiaothemes.com/creativephoto/indexa6da.html]
[xiaothemes.com/creativephoto/wp-content/themes/xiaothemes_creative/js/tipsy/tipsy5152.css]
[xiaothemes.com/creativephoto/wp-content/themes/xiaothemes_creative/js/prettyPhoto/css/prettyPhoto5152.css]
[xiaothemes.com/creativephoto/wp-content/themes/xiaothemes_creative/css/photography5152.css]
[xiaothemes.com/creativephoto/wp-content/themes/xiaothemes_creative/css/jquery.jscrollpane5152.css]
[xiaothemes.com/creativephoto/wp-content/themes/xiaothemes_creative/style5152.css]
[html5shim.googlecode.com/svn/trunk/html5.js]
[xiaothemes.com/creativephoto/wp-content/themes/xiaothemes_creative/js/jquery.easing.1.3.js]
[xiaothemes.com/creativephoto/wp-includes/js/jquery/jquery4511.js]
[xiaothemes.com/creativephoto/wp-content/themes/xiaothemes_creative/js/jquery.form.js]
[xiaothemes.com/creativephoto/wp-content/themes/xiaothemes_creative/js/vegas/jquery.vegas.js]
[xiaothemes.com/creativephoto/wp-content/themes/xiaothemes_creative/js/galleria/themes/classic/galleria.classic.min.js]
[xiaothemes.com/creativephoto/wp-content/themes/xiaothemes_creative/js/galleria/galleria-1.2.6.min.js]
[xiaothemes.com/creativephoto/wp-content/themes/xiaothemes_creative/js/tipsy/jquery.tipsy.js]
[xiaothemes.com/creativephoto/wp-content/themes/xiaothemes_creative/js/prettyPhoto/js/jquery.prettyPhoto.js]
[xiaothemes.com/creativephoto/wp-content/themes/xiaothemes_creative/js/vimeo/froogaloop2.min.js]
[xiaothemes.com/creativephoto/wp-content/themes/xiaothemes_creative/js/global.js]
[xiaothemes.com/creativephoto/wp-content/themes/xiaothemes_creative/js/jquery.mousewheel.js]
[xiaothemes.com/creativephoto/wp-content/themes/xiaothemes_creative/js/jquery.jscrollpane.min.js]
[xiaothemes.com/creativephoto/wp-content/themes/xiaothemes_creative/js/history/jquery.history.js]
[xiaothemes.com/creativephoto/wp-content/themes/xiaothemes_creative/js/jquery.applyheight.js]
[xiaothemes.com/creativephoto/xmlrpc0db0.php]
[xiaothemes.com/creativephoto/wp-includes/wlwmanifest.xml]
[xiaothemes.com/creativephoto/wp-content/themes/xiaothemes_creative/images/menu_marker.png]
[xiaothemes.com/creativephoto/wp-content/themes/xiaothemes_creative/images/close_big.png]
[xiaothemes.staging.wpengine.com/wp-content/uploads/2012/06/slider_31.jpg]
[xiaothemes.staging.wpengine.com/wp-content/uploads/2012/06/slider_21.jpg]
[xiaothemes.staging.wpengine.com/wp-content/uploads/2012/06/slider_1.jpg]
[xiaothemes.staging.wpengine.com/wp-content/uploads/2012/06/project_sample_3.jpg]
[xiaothemes.com/creativephoto/files/2012/06/project_sample_4_big.jpg]
[xiaothemes.staging.wpengine.com/wp-content/uploads/2012/06/project_sample_21.jpg]
[xiaothemes.com/creativephoto/files/2012/06/project_sample_4_big1.jpg]
[xiaothemes.staging.wpengine.com/wp-content/uploads/2012/06/project_sample_11.jpg]
[xiaothemes.com/creativephoto/files/2012/06/project_sample_3_big.jpg]
[xiaothemes.com/creativephoto/files/2012/06/project_sample_7_big.jpg]
[xiaothemes.com/creativephoto/files/2012/06/project_sample_6_big.jpg]
[xiaothemes.com/creativephoto/files/2012/06/project_sample_5_big.jpg]
[xiaothemes.com/creativephoto/files/2012/06/project_sample_1_big.jpg]
[xiaothemes.com/creativephoto/files/2012/06/project_sample_6_big1.jpg]
[xiaothemes.com/creativephoto/files/2012/06/project_sample_5_big1.jpg]
[xiaothemes.staging.wpengine.com/wp-content/uploads/2012/06/portfolio_3.jpg]
[xiaothemes.staging.wpengine.com/wp-content/uploads/2012/06/portfolio_2.jpg]
[xiaothemes.staging.wpengine.com/wp-content/uploads/2012/06/portfolio_1.jpg]
[xiaothemes.com/creativephoto/wp-content/themes/xiaothemes_creative/images/preload.gif]
[xiaothemes.com/creativephoto/files/2012/06/blog_image_2-180x140.png]
[xiaothemes.com/creativephoto/files/2012/01/blog_image_1-180x140.png]
[xiaothemes.com/creativephoto/indexe839.html]
[xiaothemes.staging.wpengine.com/wp-content/uploads/2012/01/big_image_blog.png]
[xiaothemes.com/creativephoto/indexe2dc.html]
[xiaothemes.staging.wpengine.com/wp-content/uploads/2012/06/logos.png]
[xiaothemes.com/creativephoto/wp-content/themes/xiaothemes_creative/images/close.png]
[xiaothemes.com/creativephoto/files/2012/06/background_13.jpg]
[xiaothemes.com/creativephoto/files/2012/06/thumbnail_11.jpg]
[xiaothemes.com/creativephoto/files/2012/06/background_22.jpg]
[xiaothemes.com/creativephoto/files/2012/06/thumbnail_22.jpg]
[xiaothemes.com/creativephoto/files/2012/06/background_31.jpg]
[xiaothemes.com/creativephoto/files/2012/06/thumbnail_31.jpg]
[xiaothemes.com/creativephoto/files/2012/06/background_41.jpg]
[xiaothemes.com/creativephoto/files/2012/06/thumbnail_41.jpg]
[xiaothemes.com/creativephoto/files/2012/06/background_51.jpg]
[xiaothemes.com/creativephoto/files/2012/06/thumbnail_51.jpg]
[xiaothemes.com/creativephoto/files/2012/06/background_61.jpg]
[xiaothemes.com/creativephoto/files/2012/06/thumbnail_61.jpg]
[xiaothemes.com/creativephoto/files/2012/06/background_71.jpg]
[xiaothemes.com/creativephoto/files/2012/06/thumbnail_71.jpg]
[xiaothemes.com/creativephoto/wp-content/themes/xiaothemes_creative/images/play.png]
[xiaothemes.com/creativephoto/wp-content/themes/xiaothemes_creative/images/social/facebook.png]
[xiaothemes.com/creativephoto/wp-content/themes/xiaothemes_creative/images/social/twitter.png]
[xiaothemes.com/creativephoto/wp-content/themes/xiaothemes_creative/images/social/vimeo.png]
[xiaothemes.com/creativephoto/wp-content/themes/xiaothemes_creative/images/social/youtube.png]
[xiaothemes.com/creativephoto/wp-content/themes/xiaothemes_creative/js/load-posts.js]
[xiaothemes.com/creativephoto/index.html]
[xiaothemes.com/creativephoto/wp-content/themes/xiaothemes_creative/images/favicon.html]
[xiaothemes.com/creativephoto/wp-content/themes/xiaothemes_creative/wpts/shortcodes/assets/images/dropcaps/circle_dark.png]
[xiaothemes.com/creativephoto/wp-content/themes/xiaothemes_creative/wpts/shortcodes/assets/images/dropcaps/circle_light_blue.png]
[xiaothemes.com/creativephoto/wp-content/themes/xiaothemes_creative/wpts/shortcodes/assets/images/dropcaps/circle_green.png]
[xiaothemes.com/creativephoto/wp-content/themes/xiaothemes_creative/wpts/shortcodes/assets/images/dropcaps/circle_pink.png]
[xiaothemes.com/creativephoto/wp-content/themes/xiaothemes_creative/wpts/shortcodes/assets/images/dropcaps/circle_blue.png]
[xiaothemes.com/creativephoto/wp-content/themes/xiaothemes_creative/wpts/shortcodes/assets/images/dropcaps/circle_yellow.png]
[xiaothemes.com/creativephoto/wp-content/themes/xiaothemes_creative/wpts/shortcodes/assets/images/dropcaps/circle_light_green.png]
[xiaothemes.com/creativephoto/wp-content/themes/xiaothemes_creative/wpts/shortcodes/assets/images/dropcaps/circle_red.png]
[xiaothemes.com/creativephoto/wp-content/themes/xiaothemes_creative/wpts/shortcodes/assets/images/dropcaps/circle_gray.png]
[xiaothemes.com/creativephoto/wp-content/themes/xiaothemes_creative/wpts/shortcodes/assets/images/dropcaps/circle_orange.png]
[xiaothemes.com/creativephoto/wp-content/themes/xiaothemes_creative/wpts/shortcodes/assets/images/dropcaps/circle_violet.png]
[xiaothemes.com/creativephoto/wp-content/themes/xiaothemes_creative/wpts/shortcodes/assets/images/dropcaps/gradient_dark.png]
[xiaothemes.com/creativephoto/wp-content/themes/xiaothemes_creative/wpts/shortcodes/assets/images/dropcaps/gradient_light_blue.png]
[xiaothemes.com/creativephoto/wp-content/themes/xiaothemes_creative/wpts/shortcodes/assets/images/dropcaps/gradient_green.png]
[xiaothemes.com/creativephoto/wp-content/themes/xiaothemes_creative/wpts/shortcodes/assets/images/dropcaps/gradient_pink.png]
[xiaothemes.com/creativephoto/wp-content/themes/xiaothemes_creative/wpts/shortcodes/assets/images/dropcaps/gradient_blue.png]
[xiaothemes.com/creativephoto/wp-content/themes/xiaothemes_creative/wpts/shortcodes/assets/images/dropcaps/gradient_yellow.png]
[xiaothemes.com/creativephoto/wp-content/themes/xiaothemes_creative/wpts/shortcodes/assets/images/dropcaps/gradient_light_green.png]
[xiaothemes.com/creativephoto/wp-content/themes/xiaothemes_creative/wpts/shortcodes/assets/images/dropcaps/gradient_red.png]
[xiaothemes.com/creativephoto/wp-content/themes/xiaothemes_creative/wpts/shortcodes/assets/images/dropcaps/gradient_gray.png]
[xiaothemes.com/creativephoto/wp-content/themes/xiaothemes_creative/wpts/shortcodes/assets/images/dropcaps/gradient_orange.png]
[xiaothemes.com/creativephoto/wp-content/themes/xiaothemes_creative/wpts/shortcodes/assets/images/dropcaps/gradient_violet.png]
[xiaothemes.com/creativephoto/wp-content/themes/xiaothemes_creative/wpts/shortcodes/assets/images/tabs/tab_arrow.png]
[xiaothemes.com/creativephoto/wp-content/themes/xiaothemes_creative/wpts/shortcodes/assets/images/tabs/inset_shadow.png]
[xiaothemes.com/creativephoto/wp-content/themes/xiaothemes_creative/wpts/shortcodes/assets/images/tabs/inset_vertical_shadow.png]
[xiaothemes.com/creativephoto/wp-content/themes/xiaothemes_creative/wpts/shortcodes/assets/images/tabs/tab_vertical_arrow.png]
[xiaothemes.com/creativephoto/wp-content/themes/xiaothemes_creative/wpts/shortcodes/assets/images/accordions/arrow_down.png]
[xiaothemes.com/creativephoto/wp-content/themes/xiaothemes_creative/wpts/shortcodes/assets/images/accordions/arrow_up.png]
[xiaothemes.com/creativephoto/wp-content/themes/xiaothemes_creative/wpts/shortcodes/assets/images/toggle/toggle_buttons.png]
[xiaothemes.com/creativephoto/wp-content/themes/xiaothemes_creative/wpts/shortcodes/assets/images/boxes/info.png]
[xiaothemes.com/creativephoto/wp-content/themes/xiaothemes_creative/wpts/shortcodes/assets/images/boxes/stop.png]
[xiaothemes.com/creativephoto/wp-content/themes/xiaothemes_creative/wpts/shortcodes/assets/images/boxes/notebook.png]
[xiaothemes.com/creativephoto/wp-content/themes/xiaothemes_creative/wpts/shortcodes/assets/images/boxes/splash green.png]
[xiaothemes.com/creativephoto/wp-content/themes/xiaothemes_creative/wpts/shortcodes/assets/images/blockquote/quote.png]
[xiaothemes.com/creativephoto/wp-content/themes/xiaothemes_creative/wpts/shortcodes/assets/images/pricing/darker.png]
[xiaothemes.com/creativephoto/wp-content/themes/xiaothemes_creative/wpts/shortcodes/assets/images/testimonial/darker.png]
[xiaothemes.com/creativephoto/wp-content/themes/xiaothemes_creative/wpts/shortcodes/assets/images/testimonial/prev_arrow.png]
[xiaothemes.com/creativephoto/wp-content/themes/xiaothemes_creative/wpts/shortcodes/assets/images/testimonial/next_arrow.png]
[xiaothemes.com/creativephoto/wp-content/themes/xiaothemes_creative/wpts/shortcodes/assets/images/image_header/line.png]
[xiaothemes.com/creativephoto/wp-content/themes/xiaothemes_creative/wpts/shortcodes/assets/images/icons/001.png]
[xiaothemes.com/creativephoto/wp-content/themes/xiaothemes_creative/wpts/shortcodes/assets/images/icons/002.png]
[xiaothemes.com/creativephoto/wp-content/themes/xiaothemes_creative/wpts/shortcodes/assets/images/icons/003.png]
[xiaothemes.com/creativephoto/wp-content/themes/xiaothemes_creative/wpts/shortcodes/assets/images/icons/004.png]
[xiaothemes.com/creativephoto/wp-content/themes/xiaothemes_creative/wpts/shortcodes/assets/images/icons/005.png]
[xiaothemes.com/creativephoto/wp-content/themes/xiaothemes_creative/wpts/shortcodes/assets/images/icons/006.png]
[xiaothemes.com/creativephoto/wp-content/themes/xiaothemes_creative/wpts/shortcodes/assets/images/icons/007.png]
[xiaothemes.com/creativephoto/wp-content/themes/xiaothemes_creative/wpts/shortcodes/assets/images/icons/008.png]
[xiaothemes.com/creativephoto/wp-content/themes/xiaothemes_creative/wpts/shortcodes/assets/images/icons/009.png]
[xiaothemes.com/creativephoto/wp-content/themes/xiaothemes_creative/wpts/shortcodes/assets/images/icons/010.png]
[xiaothemes.com/creativephoto/wp-content/themes/xiaothemes_creative/wpts/shortcodes/assets/images/icons/011.png]
[xiaothemes.com/creativephoto/wp-content/themes/xiaothemes_creative/wpts/shortcodes/assets/images/icons/012.png]
[xiaothemes.com/creativephoto/wp-content/themes/xiaothemes_creative/wpts/shortcodes/assets/images/icons/013.png]
[xiaothemes.com/creativephoto/wp-content/themes/xiaothemes_creative/wpts/shortcodes/assets/images/icons/014.png]
[xiaothemes.com/creativephoto/wp-content/themes/xiaothemes_creative/wpts/shortcodes/assets/images/icons/015.png]
[xiaothemes.com/creativephoto/wp-content/themes/xiaothemes_creative/wpts/shortcodes/assets/images/icons/016.png]
[xiaothemes.com/creativephoto/wp-content/themes/xiaothemes_creative/wpts/shortcodes/assets/images/icons/017.png]
[xiaothemes.com/creativephoto/wp-content/themes/xiaothemes_creative/wpts/shortcodes/assets/images/icons/018.png]
[xiaothemes.com/creativephoto/wp-content/themes/xiaothemes_creative/wpts/shortcodes/assets/images/icons/019.png]
[xiaothemes.com/creativephoto/wp-content/themes/xiaothemes_creative/wpts/shortcodes/assets/images/icons/020.png]
[xiaothemes.com/creativephoto/wp-content/themes/xiaothemes_creative/wpts/shortcodes/assets/images/icons/021.png]
[xiaothemes.com/creativephoto/wp-content/themes/xiaothemes_creative/wpts/shortcodes/assets/images/icons/022.png]
[xiaothemes.com/creativephoto/wp-content/themes/xiaothemes_creative/wpts/shortcodes/assets/images/icons/023.png]
[xiaothemes.com/creativephoto/wp-content/themes/xiaothemes_creative/wpts/shortcodes/assets/images/icons/024.png]
[xiaothemes.com/creativephoto/wp-content/themes/xiaothemes_creative/wpts/shortcodes/assets/images/icons/025.png]
[xiaothemes.com/creativephoto/wp-content/themes/xiaothemes_creative/wpts/shortcodes/assets/images/icons/026.png]
[xiaothemes.com/creativephoto/wp-content/themes/xiaothemes_creative/wpts/shortcodes/assets/images/icons/027.png]
[xiaothemes.com/creativephoto/wp-content/themes/xiaothemes_creative/wpts/shortcodes/assets/images/icons/028.png]
[xiaothemes.com/creativephoto/wp-content/themes/xiaothemes_creative/wpts/shortcodes/assets/images/icons/029.png]
[xiaothemes.com/creativephoto/wp-content/themes/xiaothemes_creative/wpts/shortcodes/assets/images/icons/030.png]
[xiaothemes.com/creativephoto/wp-content/themes/xiaothemes_creative/wpts/shortcodes/assets/images/icons/031.png]
[xiaothemes.com/creativephoto/wp-content/themes/xiaothemes_creative/wpts/shortcodes/assets/images/icons/032.png]
[xiaothemes.com/creativephoto/wp-content/themes/xiaothemes_creative/wpts/shortcodes/assets/images/icons/033.png]
[xiaothemes.com/creativephoto/wp-content/themes/xiaothemes_creative/wpts/shortcodes/assets/images/icons/034.png]
[xiaothemes.com/creativephoto/wp-content/themes/xiaothemes_creative/wpts/shortcodes/assets/images/icons/035.png]
[xiaothemes.com/creativephoto/wp-content/themes/xiaothemes_creative/wpts/shortcodes/assets/images/icons/036.png]
[xiaothemes.com/creativephoto/wp-content/themes/xiaothemes_creative/wpts/shortcodes/assets/images/icons/037.png]
[xiaothemes.com/creativephoto/wp-content/themes/xiaothemes_creative/wpts/shortcodes/assets/images/icons/038.png]
[xiaothemes.com/creativephoto/wp-content/themes/xiaothemes_creative/wpts/shortcodes/assets/images/icons/039.png]
[xiaothemes.com/creativephoto/wp-content/themes/xiaothemes_creative/wpts/shortcodes/assets/images/icons/040.png]
[xiaothemes.com/creativephoto/wp-content/themes/xiaothemes_creative/wpts/shortcodes/assets/images/icons/041.png]
[xiaothemes.com/creativephoto/wp-content/themes/xiaothemes_creative/wpts/shortcodes/assets/images/icons/042.png]
[xiaothemes.com/creativephoto/wp-content/themes/xiaothemes_creative/wpts/shortcodes/assets/images/icons/043.png]
[xiaothemes.com/creativephoto/wp-content/themes/xiaothemes_creative/wpts/shortcodes/assets/images/icons/044.png]
[xiaothemes.com/creativephoto/wp-content/themes/xiaothemes_creative/wpts/shortcodes/assets/images/icons/045.png]
[xiaothemes.com/creativephoto/wp-content/themes/xiaothemes_creative/wpts/shortcodes/assets/images/icons/046.png]
[xiaothemes.com/creativephoto/wp-content/themes/xiaothemes_creative/wpts/shortcodes/assets/images/icons/047.png]
[xiaothemes.com/creativephoto/wp-content/themes/xiaothemes_creative/wpts/shortcodes/assets/images/icons/048.png]
[xiaothemes.com/creativephoto/wp-content/themes/xiaothemes_creative/wpts/shortcodes/assets/images/icons/049.png]
[xiaothemes.com/creativephoto/wp-content/themes/xiaothemes_creative/wpts/shortcodes/assets/images/icons/050.png]
[xiaothemes.com/creativephoto/wp-content/themes/xiaothemes_creative/wpts/shortcodes/assets/images/icons/051.png]
[xiaothemes.com/creativephoto/wp-content/themes/xiaothemes_creative/wpts/shortcodes/assets/images/icons/052.png]
[xiaothemes.com/creativephoto/wp-content/themes/xiaothemes_creative/wpts/shortcodes/assets/images/icons/053.png]
[xiaothemes.com/creativephoto/wp-content/themes/xiaothemes_creative/wpts/shortcodes/assets/images/icons/054.png]
[xiaothemes.com/creativephoto/wp-content/themes/xiaothemes_creative/wpts/shortcodes/assets/images/icons/055.png]
[xiaothemes.com/creativephoto/wp-content/themes/xiaothemes_creative/wpts/shortcodes/assets/images/icons/056.png]
[xiaothemes.com/creativephoto/wp-content/themes/xiaothemes_creative/wpts/shortcodes/assets/images/icons/057.png]
[xiaothemes.com/creativephoto/wp-content/themes/xiaothemes_creative/wpts/shortcodes/assets/images/icons/058.png]
[xiaothemes.com/creativephoto/wp-content/themes/xiaothemes_creative/wpts/shortcodes/assets/images/icons/059.png]
[xiaothemes.com/creativephoto/wp-content/themes/xiaothemes_creative/wpts/shortcodes/assets/images/icons/060.png]
[xiaothemes.com/creativephoto/wp-content/themes/xiaothemes_creative/wpts/shortcodes/assets/images/icons/061.png]
[xiaothemes.com/creativephoto/wp-content/themes/xiaothemes_creative/wpts/shortcodes/assets/images/icons/062.png]
[xiaothemes.com/creativephoto/wp-content/themes/xiaothemes_creative/wpts/shortcodes/assets/images/icons/063.png]
[xiaothemes.com/creativephoto/wp-content/themes/xiaothemes_creative/wpts/shortcodes/assets/images/icons/064.png]
[xiaothemes.com/creativephoto/wp-content/themes/xiaothemes_creative/wpts/shortcodes/assets/images/icons/065.png]
[xiaothemes.com/creativephoto/wp-content/themes/xiaothemes_creative/wpts/shortcodes/assets/images/icons/066.png]
[xiaothemes.com/creativephoto/wp-content/themes/xiaothemes_creative/wpts/shortcodes/assets/images/icons/067.png]
[xiaothemes.com/creativephoto/wp-content/themes/xiaothemes_creative/wpts/shortcodes/assets/images/icons/068.png]
[xiaothemes.com/creativephoto/wp-content/themes/xiaothemes_creative/wpts/shortcodes/assets/images/icons/069.png]
[xiaothemes.com/creativephoto/wp-content/themes/xiaothemes_creative/wpts/shortcodes/assets/images/icons/070.png]
[xiaothemes.com/creativephoto/wp-content/themes/xiaothemes_creative/wpts/shortcodes/assets/images/icons/071.png]
[xiaothemes.com/creativephoto/wp-content/themes/xiaothemes_creative/wpts/shortcodes/assets/images/icons/072.png]
[xiaothemes.com/creativephoto/wp-content/themes/xiaothemes_creative/wpts/shortcodes/assets/images/icons/073.png]
[xiaothemes.com/creativephoto/wp-content/themes/xiaothemes_creative/wpts/shortcodes/assets/images/icons/074.png]
[xiaothemes.com/creativephoto/wp-content/themes/xiaothemes_creative/wpts/shortcodes/assets/images/icons/075.png]
[xiaothemes.com/creativephoto/wp-content/themes/xiaothemes_creative/wpts/shortcodes/assets/images/icons/076.png]
[xiaothemes.com/creativephoto/wp-content/themes/xiaothemes_creative/wpts/shortcodes/assets/images/icons/077.png]
[xiaothemes.com/creativephoto/wp-content/themes/xiaothemes_creative/wpts/shortcodes/assets/images/icons/078.png]
[xiaothemes.com/creativephoto/wp-content/themes/xiaothemes_creative/wpts/shortcodes/assets/images/icons/079.png]
[xiaothemes.com/creativephoto/wp-content/themes/xiaothemes_creative/wpts/shortcodes/assets/images/icons/080.png]
[xiaothemes.com/creativephoto/wp-content/themes/xiaothemes_creative/wpts/shortcodes/assets/images/icons/081.png]
[xiaothemes.com/creativephoto/wp-content/themes/xiaothemes_creative/wpts/shortcodes/assets/images/icons/082.png]
[xiaothemes.com/creativephoto/wp-content/themes/xiaothemes_creative/wpts/shortcodes/assets/images/icons/083.png]
[xiaothemes.com/creativephoto/wp-content/themes/xiaothemes_creative/wpts/shortcodes/assets/images/icons/084.png]
[xiaothemes.com/creativephoto/wp-content/themes/xiaothemes_creative/wpts/shortcodes/assets/images/icons/085.png]
[xiaothemes.com/creativephoto/wp-content/themes/xiaothemes_creative/wpts/shortcodes/assets/images/icons/086.png]
[xiaothemes.com/creativephoto/wp-content/themes/xiaothemes_creative/wpts/shortcodes/assets/images/icons/087.png]
[xiaothemes.com/creativephoto/wp-content/themes/xiaothemes_creative/wpts/shortcodes/assets/images/icons/088.png]
[xiaothemes.com/creativephoto/wp-content/themes/xiaothemes_creative/wpts/shortcodes/assets/images/icons/089.png]
[xiaothemes.com/creativephoto/wp-content/themes/xiaothemes_creative/wpts/shortcodes/assets/images/icons/090.png]
[xiaothemes.com/creativephoto/wp-content/themes/xiaothemes_creative/wpts/shortcodes/assets/images/icons/091.png]
[xiaothemes.com/creativephoto/wp-content/themes/xiaothemes_creative/wpts/shortcodes/assets/images/icons/092.png]
[xiaothemes.com/creativephoto/wp-content/themes/xiaothemes_creative/wpts/shortcodes/assets/images/icons/093.png]
[xiaothemes.com/creativephoto/wp-content/themes/xiaothemes_creative/wpts/shortcodes/assets/images/icons/094.png]
[xiaothemes.com/creativephoto/wp-content/themes/xiaothemes_creative/wpts/shortcodes/assets/images/icons/095.png]
[xiaothemes.com/creativephoto/wp-content/themes/xiaothemes_creative/wpts/shortcodes/assets/images/icons/096.png]
[xiaothemes.com/creativephoto/wp-content/themes/xiaothemes_creative/wpts/shortcodes/assets/images/icons/097.png]
[xiaothemes.com/creativephoto/wp-content/themes/xiaothemes_creative/wpts/shortcodes/assets/images/icons/098.png]
[xiaothemes.com/creativephoto/wp-content/themes/xiaothemes_creative/wpts/shortcodes/assets/images/icons/099.png]
[xiaothemes.com/creativephoto/wp-content/themes/xiaothemes_creative/wpts/shortcodes/assets/images/icons/100.png]
[xiaothemes.com/creativephoto/wp-content/themes/xiaothemes_creative/wpts/shortcodes/assets/images/icons/101.png]
[xiaothemes.com/creativephoto/wp-content/themes/xiaothemes_creative/wpts/shortcodes/assets/images/icons/102.png]
[xiaothemes.com/creativephoto/wp-content/themes/xiaothemes_creative/wpts/shortcodes/assets/images/icons/103.png]
[xiaothemes.com/creativephoto/wp-content/themes/xiaothemes_creative/wpts/shortcodes/assets/images/icons/104.png]
[xiaothemes.com/creativephoto/wp-content/themes/xiaothemes_creative/wpts/shortcodes/assets/images/icons/105.png]
[xiaothemes.com/creativephoto/wp-content/themes/xiaothemes_creative/wpts/shortcodes/assets/images/icons/117.png]
[xiaothemes.com/creativephoto/wp-content/themes/xiaothemes_creative/wpts/shortcodes/assets/images/icons/120.png]
[xiaothemes.com/creativephoto/wp-content/themes/xiaothemes_creative/wpts/shortcodes/assets/images/icons/121.png]
[xiaothemes.com/creativephoto/wp-content/themes/xiaothemes_creative/wpts/shortcodes/assets/images/icons/123.png]
[xiaothemes.com/creativephoto/wp-content/themes/xiaothemes_creative/wpts/shortcodes/assets/images/icons/green-check.png]
[xiaothemes.com/creativephoto/wp-content/themes/xiaothemes_creative/wpts/shortcodes/assets/images/icons/red-error.png]
[xiaothemes.com/creativephoto/wp-content/themes/xiaothemes_creative/wpts/shortcodes/assets/images/icons/featured.png]
[xiaothemes.com/creativephoto/wp-content/themes/xiaothemes_creative/wpts/shortcodes/assets/css/shortcodes68b3.css]
[xiaothemes.com/creativephoto/wp-content/themes/xiaothemes_creative/js/vegas/jquery.vegas5152.css]
[xiaothemes.com/creativephoto/wp-content/themes/xiaothemes_creative/js/galleria/themes/classic/galleria.classic5152.css]
[xiaothemes.com/creativephoto/wp-content/themes/xiaothemes_creative/js/tipsy/tipsy.gif]
[xiaothemes.com/creativephoto/wp-content/themes/xiaothemes_creative/js/tipsy/tipsy5152.css]
[xiaothemes.com/creativephoto/wp-content/themes/xiaothemes_creative/js/prettyPhoto/css/prettyPhoto5152.css]
[xiaothemes.com/creativephoto/wp-content/themes/xiaothemes_creative/images/zoom_icon.png]
[xiaothemes.com/creativephoto/wp-content/themes/xiaothemes_creative/images/zoom_icon_2.png]
[xiaothemes.com/creativephoto/wp-content/themes/xiaothemes_creative/images/thumb_marker.png]
[xiaothemes.com/creativephoto/wp-content/themes/xiaothemes_creative/images/readmore.png]
[xiaothemes.com/creativephoto/wp-content/themes/xiaothemes_creative/css/photography5152.css]
[xiaothemes.com/creativephoto/wp-content/themes/xiaothemes_creative/css/jquery.jscrollpane5152.css]
[xiaothemes.com/creativephoto/wp-content/themes/xiaothemes_creative/style5152.css]
[xiaothemes.com/creativephoto/indexe839.html]
[xiaothemes.com/creativephoto/indexe2dc.html]
[xiaothemes.com/creativephoto/indexe80a.html]
[xiaothemes.com/creativephoto/index1457.html]
